Archive member included to satisfy reference by file (symbol)

c:/users/vaibhav/.p2/pool/plugins/fr.ac6.mcu.externaltools.arm-none.win32_1.13.2.201703061525/tools/compiler/bin/../lib/gcc/arm-none-eabi/5.4.1/../../../../arm-none-eabi/lib/armv7e-m/fpu\libc_nano.a(lib_a-exit.o)
                              c:/users/vaibhav/.p2/pool/plugins/fr.ac6.mcu.externaltools.arm-none.win32_1.13.2.201703061525/tools/compiler/bin/../lib/gcc/arm-none-eabi/5.4.1/../../../../arm-none-eabi/lib/armv7e-m/fpu/crt0.o (exit)
c:/users/vaibhav/.p2/pool/plugins/fr.ac6.mcu.externaltools.arm-none.win32_1.13.2.201703061525/tools/compiler/bin/../lib/gcc/arm-none-eabi/5.4.1/../../../../arm-none-eabi/lib/armv7e-m/fpu\libc_nano.a(lib_a-impure.o)
                              c:/users/vaibhav/.p2/pool/plugins/fr.ac6.mcu.externaltools.arm-none.win32_1.13.2.201703061525/tools/compiler/bin/../lib/gcc/arm-none-eabi/5.4.1/../../../../arm-none-eabi/lib/armv7e-m/fpu\libc_nano.a(lib_a-exit.o) (_global_impure_ptr)
c:/users/vaibhav/.p2/pool/plugins/fr.ac6.mcu.externaltools.arm-none.win32_1.13.2.201703061525/tools/compiler/bin/../lib/gcc/arm-none-eabi/5.4.1/../../../../arm-none-eabi/lib/armv7e-m/fpu\libc_nano.a(lib_a-init.o)
                              c:/users/vaibhav/.p2/pool/plugins/fr.ac6.mcu.externaltools.arm-none.win32_1.13.2.201703061525/tools/compiler/bin/../lib/gcc/arm-none-eabi/5.4.1/../../../../arm-none-eabi/lib/armv7e-m/fpu/crt0.o (__libc_init_array)
c:/users/vaibhav/.p2/pool/plugins/fr.ac6.mcu.externaltools.arm-none.win32_1.13.2.201703061525/tools/compiler/bin/../lib/gcc/arm-none-eabi/5.4.1/../../../../arm-none-eabi/lib/armv7e-m/fpu\libc_nano.a(lib_a-memset.o)
                              c:/users/vaibhav/.p2/pool/plugins/fr.ac6.mcu.externaltools.arm-none.win32_1.13.2.201703061525/tools/compiler/bin/../lib/gcc/arm-none-eabi/5.4.1/../../../../arm-none-eabi/lib/armv7e-m/fpu/crt0.o (memset)
c:/users/vaibhav/.p2/pool/plugins/fr.ac6.mcu.externaltools.arm-none.win32_1.13.2.201703061525/tools/compiler/bin/../lib/gcc/arm-none-eabi/5.4.1/../../../../arm-none-eabi/lib/armv7e-m/fpu\libc_nano.a(lib_a-strcmp.o)
                              Src/main.o (strcmp)
c:/users/vaibhav/.p2/pool/plugins/fr.ac6.mcu.externaltools.arm-none.win32_1.13.2.201703061525/tools/compiler/bin/../lib/gcc/arm-none-eabi/5.4.1/../../../../arm-none-eabi/lib/armv7e-m/fpu\libc_nano.a(lib_a-strcpy.o)
                              Src/main.o (strcpy)
c:/users/vaibhav/.p2/pool/plugins/fr.ac6.mcu.externaltools.arm-none.win32_1.13.2.201703061525/tools/compiler/bin/../lib/gcc/arm-none-eabi/5.4.1/../../../../arm-none-eabi/lib/armv7e-m/fpu\libnosys.a(_exit.o)
                              c:/users/vaibhav/.p2/pool/plugins/fr.ac6.mcu.externaltools.arm-none.win32_1.13.2.201703061525/tools/compiler/bin/../lib/gcc/arm-none-eabi/5.4.1/../../../../arm-none-eabi/lib/armv7e-m/fpu\libc_nano.a(lib_a-exit.o) (_exit)

Allocating common symbols
Common symbol       size              file

htim4               0x3c              Src/main.o
hi2c1               0x54              Src/main.o
htim10              0x3c              Src/main.o
uwTick              0x4               Drivers/STM32F4xx_HAL_Driver/Src/stm32f4xx_hal.o
pFlash              0x20              Drivers/STM32F4xx_HAL_Driver/Src/stm32f4xx_hal_flash.o
htim5               0x3c              Src/main.o
htim3               0x3c              Src/main.o
health              0x3               Src/main.o
hdac                0x14              Src/main.o
htim6               0x3c              Src/main.o
htim1               0x3c              Src/main.o
huart4              0x40              Src/main.o
htim2               0x3c              Src/main.o
htim7               0x3c              Src/main.o

Discarded input sections

 .text          0x00000000        0x0 c:/users/vaibhav/.p2/pool/plugins/fr.ac6.mcu.externaltools.arm-none.win32_1.13.2.201703061525/tools/compiler/bin/../lib/gcc/arm-none-eabi/5.4.1/armv7e-m/fpu/crti.o
 .data          0x00000000        0x0 c:/users/vaibhav/.p2/pool/plugins/fr.ac6.mcu.externaltools.arm-none.win32_1.13.2.201703061525/tools/compiler/bin/../lib/gcc/arm-none-eabi/5.4.1/armv7e-m/fpu/crti.o
 .bss           0x00000000        0x0 c:/users/vaibhav/.p2/pool/plugins/fr.ac6.mcu.externaltools.arm-none.win32_1.13.2.201703061525/tools/compiler/bin/../lib/gcc/arm-none-eabi/5.4.1/armv7e-m/fpu/crti.o
 .data          0x00000000        0x4 c:/users/vaibhav/.p2/pool/plugins/fr.ac6.mcu.externaltools.arm-none.win32_1.13.2.201703061525/tools/compiler/bin/../lib/gcc/arm-none-eabi/5.4.1/armv7e-m/fpu/crtbegin.o
 .text          0x00000000       0x74 c:/users/vaibhav/.p2/pool/plugins/fr.ac6.mcu.externaltools.arm-none.win32_1.13.2.201703061525/tools/compiler/bin/../lib/gcc/arm-none-eabi/5.4.1/../../../../arm-none-eabi/lib/armv7e-m/fpu/crt0.o
[...]
Memory Configuration

Name             Origin             Length             Attributes
RAM              0x20000000         0x00020000         xrw
CCMRAM           0x10000000         0x00010000         rw
FLASH            0x08000000         0x00100000         xr
*default*        0x00000000         0xffffffff

Linker script and memory map

LOAD c:/users/vaibhav/.p2/pool/plugins/fr.ac6.mcu.externaltools.arm-none.win32_1.13.2.201703061525/tools/compiler/bin/../lib/gcc/arm-none-eabi/5.4.1/armv7e-m/fpu/crti.o
LOAD c:/users/vaibhav/.p2/pool/plugins/fr.ac6.mcu.externaltools.arm-none.win32_1.13.2.201703061525/tools/compiler/bin/../lib/gcc/arm-none-eabi/5.4.1/armv7e-m/fpu/crtbegin.o
LOAD c:/users/vaibhav/.p2/pool/plugins/fr.ac6.mcu.externaltools.arm-none.win32_1.13.2.201703061525/tools/compiler/bin/../lib/gcc/arm-none-eabi/5.4.1/../../../../arm-none-eabi/lib/armv7e-m/fpu/crt0.o
LOAD c:/users/vaibhav/.p2/pool/plugins/fr.ac6.mcu.externaltools.arm-none.win32_1.13.2.201703061525/tools/compiler/bin/../lib/gcc/arm-none-eabi/5.4.1/../../../../arm-none-eabi/lib/armv7e-m/fpu\libm.a
LOAD Drivers/STM32F4xx_HAL_Driver/Src/stm32f4xx_hal.o
LOAD Drivers/STM32F4xx_HAL_Driver/Src/stm32f4xx_hal_cortex.o
LOAD Drivers/STM32F4xx_HAL_Driver/Src/stm32f4xx_hal_dac.o
LOAD Drivers/STM32F4xx_HAL_Driver/Src/stm32f4xx_hal_dac_ex.o
LOAD Drivers/STM32F4xx_HAL_Driver/Src/stm32f4xx_hal_dma.o
LOAD Drivers/STM32F4xx_HAL_Driver/Src/stm32f4xx_hal_dma_ex.o
LOAD Drivers/STM32F4xx_HAL_Driver/Src/stm32f4xx_hal_flash.o
LOAD Drivers/STM32F4xx_HAL_Driver/Src/stm32f4xx_hal_flash_ex.o
LOAD Drivers/STM32F4xx_HAL_Driver/Src/stm32f4xx_hal_flash_ramfunc.o
LOAD Drivers/STM32F4xx_HAL_Driver/Src/stm32f4xx_hal_gpio.o
LOAD Drivers/STM32F4xx_HAL_Driver/Src/stm32f4xx_hal_i2c.o
LOAD Drivers/STM32F4xx_HAL_Driver/Src/stm32f4xx_hal_i2c_ex.o
LOAD Drivers/STM32F4xx_HAL_Driver/Src/stm32f4xx_hal_pwr.o
LOAD Drivers/STM32F4xx_HAL_Driver/Src/stm32f4xx_hal_pwr_ex.o
LOAD Drivers/STM32F4xx_HAL_Driver/Src/stm32f4xx_hal_rcc.o
LOAD Drivers/STM32F4xx_HAL_Driver/Src/stm32f4xx_hal_rcc_ex.o
LOAD Drivers/STM32F4xx_HAL_Driver/Src/stm32f4xx_hal_tim.o
LOAD Drivers/STM32F4xx_HAL_Driver/Src/stm32f4xx_hal_tim_ex.o
LOAD Drivers/STM32F4xx_HAL_Driver/Src/stm32f4xx_hal_uart.o
LOAD Src/Losing_1_Notes_8bit.o
LOAD Src/Losing_2_Notes_8bit.o
LOAD Src/Shoot_1_Notes_8bit.o
LOAD Src/Shoot_2_Notes_8bit.o
LOAD Src/Winner_Notes_8bit.o
LOAD Src/main.o
LOAD Src/stm32f4xx_hal_msp.o
LOAD Src/stm32f4xx_it.o
LOAD Src/system_stm32f4xx.o
LOAD startup/startup_stm32f407xx.o
START GROUP
LOAD c:/users/vaibhav/.p2/pool/plugins/fr.ac6.mcu.externaltools.arm-none.win32_1.13.2.201703061525/tools/compiler/bin/../lib/gcc/arm-none-eabi/5.4.1/armv7e-m/fpu\libgcc.a
LOAD c:/users/vaibhav/.p2/pool/plugins/fr.ac6.mcu.externaltools.arm-none.win32_1.13.2.201703061525/tools/compiler/bin/../lib/gcc/arm-none-eabi/5.4.1/../../../../arm-none-eabi/lib/armv7e-m/fpu\libc_nano.a
END GROUP
START GROUP
LOAD c:/users/vaibhav/.p2/pool/plugins/fr.ac6.mcu.externaltools.arm-none.win32_1.13.2.201703061525/tools/compiler/bin/../lib/gcc/arm-none-eabi/5.4.1/armv7e-m/fpu\libgcc.a
LOAD c:/users/vaibhav/.p2/pool/plugins/fr.ac6.mcu.externaltools.arm-none.win32_1.13.2.201703061525/tools/compiler/bin/../lib/gcc/arm-none-eabi/5.4.1/../../../../arm-none-eabi/lib/armv7e-m/fpu\libc_nano.a
LOAD c:/users/vaibhav/.p2/pool/plugins/fr.ac6.mcu.externaltools.arm-none.win32_1.13.2.201703061525/tools/compiler/bin/../lib/gcc/arm-none-eabi/5.4.1/../../../../arm-none-eabi/lib/armv7e-m/fpu\libnosys.a
END GROUP
START GROUP
LOAD c:/users/vaibhav/.p2/pool/plugins/fr.ac6.mcu.externaltools.arm-none.win32_1.13.2.201703061525/tools/compiler/bin/../lib/gcc/arm-none-eabi/5.4.1/armv7e-m/fpu\libgcc.a
LOAD c:/users/vaibhav/.p2/pool/plugins/fr.ac6.mcu.externaltools.arm-none.win32_1.13.2.201703061525/tools/compiler/bin/../lib/gcc/arm-none-eabi/5.4.1/../../../../arm-none-eabi/lib/armv7e-m/fpu\libc_nano.a
LOAD c:/users/vaibhav/.p2/pool/plugins/fr.ac6.mcu.externaltools.arm-none.win32_1.13.2.201703061525/tools/compiler/bin/../lib/gcc/arm-none-eabi/5.4.1/../../../../arm-none-eabi/lib/armv7e-m/fpu\libnosys.a
END GROUP
LOAD c:/users/vaibhav/.p2/pool/plugins/fr.ac6.mcu.externaltools.arm-none.win32_1.13.2.201703061525/tools/compiler/bin/../lib/gcc/arm-none-eabi/5.4.1/armv7e-m/fpu/crtend.o
LOAD c:/users/vaibhav/.p2/pool/plugins/fr.ac6.mcu.externaltools.arm-none.win32_1.13.2.201703061525/tools/compiler/bin/../lib/gcc/arm-none-eabi/5.4.1/armv7e-m/fpu/crtn.o
                0x20020000                _estack = 0x20020000
                0x00000200                _Min_Heap_Size = 0x200
                0x00000400                _Min_Stack_Size = 0x400

.isr_vector     0x08000000      0x188
                0x08000000                . = ALIGN (0x4)
 *(.isr_vector)
 .isr_vector    0x08000000      0x188 startup/startup_stm32f407xx.o
                0x08000000                g_pfnVectors
                0x08000188                . = ALIGN (0x4)

.text           0x08000188     0x3708
                0x08000188                . = ALIGN (0x4)
 *(.text)
 .text          0x08000188       0x5c c:/users/vaibhav/.p2/pool/plugins/fr.ac6.mcu.externaltools.arm-none.win32_1.13.2.201703061525/tools/compiler/bin/../lib/gcc/arm-none-eabi/5.4.1/armv7e-m/fpu/crtbegin.o
 .text          0x080001e4       0x14 c:/users/vaibhav/.p2/pool/plugins/fr.ac6.mcu.externaltools.arm-none.win32_1.13.2.201703061525/tools/compiler/bin/../lib/gcc/arm-none-eabi/5.4.1/../../../../arm-none-eabi/lib/armv7e-m/fpu\libc_nano.a(lib_a-strcmp.o)
                0x080001e4                strcmp
 *(.text*)
 .text.HAL_InitTick
                0x080001f8       0x2c Drivers/STM32F4xx_HAL_Driver/Src/stm32f4xx_hal.o
                0x080001f8                HAL_InitTick
 .text.HAL_Init
                0x08000224       0x34 Drivers/STM32F4xx_HAL_Driver/Src/stm32f4xx_hal.o
                0x08000224                HAL_Init
 .text.HAL_IncTick
                0x08000258       0x10 Drivers/STM32F4xx_HAL_Driver/Src/stm32f4xx_hal.o
                0x08000258                HAL_IncTick
 .text.HAL_GetTick
                0x08000268        0xc Drivers/STM32F4xx_HAL_Driver/Src/stm32f4xx_hal.o
                0x08000268                HAL_GetTick
 .text.HAL_Delay
                0x08000274       0x24 Drivers/STM32F4xx_HAL_Driver/Src/stm32f4xx_hal.o
                0x08000274                HAL_Delay
 .text.HAL_NVIC_SetPriorityGrouping
                0x08000298       0x24 Drivers/STM32F4xx_HAL_Driver/Src/stm32f4xx_hal_cortex.o
                0x08000298                HAL_NVIC_SetPriorityGrouping
 .text.HAL_NVIC_SetPriority
                0x080002bc       0x64 Drivers/STM32F4xx_HAL_Driver/Src/stm32f4xx_hal_cortex.o
                0x080002bc                HAL_NVIC_SetPriority
 .text.HAL_NVIC_EnableIRQ
                0x08000320       0x18 Drivers/STM32F4xx_HAL_Driver/Src/stm32f4xx_hal_cortex.o
                0x08000320                HAL_NVIC_EnableIRQ
 .text.HAL_SYSTICK_Config
                0x08000338       0x2c Drivers/STM32F4xx_HAL_Driver/Src/stm32f4xx_hal_cortex.o
                0x08000338                HAL_SYSTICK_Config
 .text.HAL_SYSTICK_CLKSourceConfig
                0x08000364       0x20 Drivers/STM32F4xx_HAL_Driver/Src/stm32f4xx_hal_cortex.o
                0x08000364                HAL_SYSTICK_CLKSourceConfig
 .text.HAL_SYSTICK_Callback
                0x08000384        0x4 Drivers/STM32F4xx_HAL_Driver/Src/stm32f4xx_hal_cortex.o
                0x08000384                HAL_SYSTICK_Callback
 .text.HAL_SYSTICK_IRQHandler
                0x08000388        0x8 Drivers/STM32F4xx_HAL_Driver/Src/stm32f4xx_hal_cortex.o
                0x08000388                HAL_SYSTICK_IRQHandler
 .text.HAL_DAC_Init
                0x08000390       0x28 Drivers/STM32F4xx_HAL_Driver/Src/stm32f4xx_hal_dac.o
                0x08000390                HAL_DAC_Init
 .text.HAL_DAC_Start
                0x080003b8       0x70 Drivers/STM32F4xx_HAL_Driver/Src/stm32f4xx_hal_dac.o
                0x080003b8                HAL_DAC_Start
 .text.HAL_DAC_DMAUnderrunCallbackCh1
                0x08000428        0x4 Drivers/STM32F4xx_HAL_Driver/Src/stm32f4xx_hal_dac.o
                0x08000428                HAL_DAC_DMAUnderrunCallbackCh1
 .text.HAL_DAC_IRQHandler
                0x0800042c       0x5c Drivers/STM32F4xx_HAL_Driver/Src/stm32f4xx_hal_dac.o
                0x0800042c                HAL_DAC_IRQHandler
 .text.HAL_DAC_ConfigChannel
                0x08000488       0x4c Drivers/STM32F4xx_HAL_Driver/Src/stm32f4xx_hal_dac.o
                0x08000488                HAL_DAC_ConfigChannel
 .text.HAL_DAC_SetValue
                0x080004d4       0x30 Drivers/STM32F4xx_HAL_Driver/Src/stm32f4xx_hal_dac.o
                0x080004d4                HAL_DAC_SetValue
 .text.HAL_DACEx_DMAUnderrunCallbackCh2
                0x08000504        0x4 Drivers/STM32F4xx_HAL_Driver/Src/stm32f4xx_hal_dac_ex.o
                0x08000504                HAL_DACEx_DMAUnderrunCallbackCh2
 .text.HAL_GPIO_Init
                0x08000508      0x1c0 Drivers/STM32F4xx_HAL_Driver/Src/stm32f4xx_hal_gpio.o
                0x08000508                HAL_GPIO_Init
 .text.HAL_GPIO_ReadPin
                0x080006c8       0x10 Drivers/STM32F4xx_HAL_Driver/Src/stm32f4xx_hal_gpio.o
                0x080006c8                HAL_GPIO_ReadPin
 .text.HAL_GPIO_WritePin
                0x080006d8        0xc Drivers/STM32F4xx_HAL_Driver/Src/stm32f4xx_hal_gpio.o
                0x080006d8                HAL_GPIO_WritePin
 .text.HAL_GPIO_EXTI_Callback
                0x080006e4        0x4 Drivers/STM32F4xx_HAL_Driver/Src/stm32f4xx_hal_gpio.o
                0x080006e4                HAL_GPIO_EXTI_Callback
 .text.HAL_GPIO_EXTI_IRQHandler
                0x080006e8       0x18 Drivers/STM32F4xx_HAL_Driver/Src/stm32f4xx_hal_gpio.o
                0x080006e8                HAL_GPIO_EXTI_IRQHandler
 .text.I2C_IsAcknowledgeFailed
                0x08000700       0x2c Drivers/STM32F4xx_HAL_Driver/Src/stm32f4xx_hal_i2c.o
 .text.I2C_WaitOnFlagUntilTimeout
                0x0800072c       0x68 Drivers/STM32F4xx_HAL_Driver/Src/stm32f4xx_hal_i2c.o
 .text.I2C_WaitOnMasterAddressFlagUntilTimeout
                0x08000794       0x94 Drivers/STM32F4xx_HAL_Driver/Src/stm32f4xx_hal_i2c.o
 .text.I2C_MasterRequestWrite
                0x08000828       0xbc Drivers/STM32F4xx_HAL_Driver/Src/stm32f4xx_hal_i2c.o
 .text.I2C_WaitOnTXEFlagUntilTimeout
                0x080008e4       0x50 Drivers/STM32F4xx_HAL_Driver/Src/stm32f4xx_hal_i2c.o
 .text.I2C_WaitOnBTFFlagUntilTimeout
                0x08000934       0x50 Drivers/STM32F4xx_HAL_Driver/Src/stm32f4xx_hal_i2c.o
 .text.HAL_I2C_Init
                0x08000984      0x11c Drivers/STM32F4xx_HAL_Driver/Src/stm32f4xx_hal_i2c.o
                0x08000984                HAL_I2C_Init
 .text.HAL_I2C_Master_Transmit
                0x08000aa0      0x180 Drivers/STM32F4xx_HAL_Driver/Src/stm32f4xx_hal_i2c.o
                0x08000aa0                HAL_I2C_Master_Transmit
 .text.HAL_RCC_OscConfig
                0x08000c20      0x3c8 Drivers/STM32F4xx_HAL_Driver/Src/stm32f4xx_hal_rcc.o
                0x08000c20                HAL_RCC_OscConfig
 .text.HAL_RCC_GetSysClockFreq
                0x08000fe8       0xa4 Drivers/STM32F4xx_HAL_Driver/Src/stm32f4xx_hal_rcc.o
                0x08000fe8                HAL_RCC_GetSysClockFreq
 .text.HAL_RCC_ClockConfig
                0x0800108c      0x1b0 Drivers/STM32F4xx_HAL_Driver/Src/stm32f4xx_hal_rcc.o
                0x0800108c                HAL_RCC_ClockConfig
 .text.HAL_RCC_GetHCLKFreq
                0x0800123c        0xc Drivers/STM32F4xx_HAL_Driver/Src/stm32f4xx_hal_rcc.o
                0x0800123c                HAL_RCC_GetHCLKFreq
 .text.HAL_RCC_GetPCLK1Freq
                0x08001248       0x30 Drivers/STM32F4xx_HAL_Driver/Src/stm32f4xx_hal_rcc.o
                0x08001248                HAL_RCC_GetPCLK1Freq
 .text.HAL_RCC_GetPCLK2Freq
                0x08001278       0x30 Drivers/STM32F4xx_HAL_Driver/Src/stm32f4xx_hal_rcc.o
                0x08001278                HAL_RCC_GetPCLK2Freq
 .text.TIM_OC1_SetConfig
                0x080012a8       0x68 Drivers/STM32F4xx_HAL_Driver/Src/stm32f4xx_hal_tim.o
 .text.TIM_OC3_SetConfig
                0x08001310       0x6c Drivers/STM32F4xx_HAL_Driver/Src/stm32f4xx_hal_tim.o
 .text.TIM_OC4_SetConfig
                0x0800137c       0x5c Drivers/STM32F4xx_HAL_Driver/Src/stm32f4xx_hal_tim.o
 .text.TIM_TI1_ConfigInputStage
                0x080013d8       0x28 Drivers/STM32F4xx_HAL_Driver/Src/stm32f4xx_hal_tim.o
 .text.TIM_TI2_ConfigInputStage
                0x08001400       0x28 Drivers/STM32F4xx_HAL_Driver/Src/stm32f4xx_hal_tim.o
 .text.TIM_ITRx_SetConfig
                0x08001428       0x10 Drivers/STM32F4xx_HAL_Driver/Src/stm32f4xx_hal_tim.o
 .text.TIM_ETR_SetConfig
                0x08001438       0x1c Drivers/STM32F4xx_HAL_Driver/Src/stm32f4xx_hal_tim.o
 .text.HAL_TIM_Base_Start
                0x08001454       0x1c Drivers/STM32F4xx_HAL_Driver/Src/stm32f4xx_hal_tim.o
                0x08001454                HAL_TIM_Base_Start
 .text.HAL_TIM_Base_Start_IT
                0x08001470       0x18 Drivers/STM32F4xx_HAL_Driver/Src/stm32f4xx_hal_tim.o
                0x08001470                HAL_TIM_Base_Start_IT
 .text.HAL_TIM_Base_Stop_IT
                0x08001488       0x2c Drivers/STM32F4xx_HAL_Driver/Src/stm32f4xx_hal_tim.o
                0x08001488                HAL_TIM_Base_Stop_IT
 .text.HAL_TIM_OC_MspInit
                0x080014b4        0x4 Drivers/STM32F4xx_HAL_Driver/Src/stm32f4xx_hal_tim.o
                0x080014b4                HAL_TIM_OC_MspInit
 .text.HAL_TIM_ConfigClockSource
                0x080014b8      0x114 Drivers/STM32F4xx_HAL_Driver/Src/stm32f4xx_hal_tim.o
                0x080014b8                HAL_TIM_ConfigClockSource
 .text.HAL_TIM_OC_DelayElapsedCallback
                0x080015cc        0x4 Drivers/STM32F4xx_HAL_Driver/Src/stm32f4xx_hal_tim.o
                0x080015cc                HAL_TIM_OC_DelayElapsedCallback
 .text.HAL_TIM_IC_CaptureCallback
                0x080015d0        0x4 Drivers/STM32F4xx_HAL_Driver/Src/stm32f4xx_hal_tim.o
                0x080015d0                HAL_TIM_IC_CaptureCallback
 .text.HAL_TIM_PWM_PulseFinishedCallback
                0x080015d4        0x4 Drivers/STM32F4xx_HAL_Driver/Src/stm32f4xx_hal_tim.o
                0x080015d4                HAL_TIM_PWM_PulseFinishedCallback
 .text.HAL_TIM_TriggerCallback
                0x080015d8        0x4 Drivers/STM32F4xx_HAL_Driver/Src/stm32f4xx_hal_tim.o
                0x080015d8                HAL_TIM_TriggerCallback
 .text.HAL_TIM_IRQHandler
                0x080015dc      0x174 Drivers/STM32F4xx_HAL_Driver/Src/stm32f4xx_hal_tim.o
                0x080015dc                HAL_TIM_IRQHandler
 .text.TIM_Base_SetConfig
                0x08001750      0x11c Drivers/STM32F4xx_HAL_Driver/Src/stm32f4xx_hal_tim.o
                0x08001750                TIM_Base_SetConfig
 .text.HAL_TIM_Base_Init
                0x0800186c       0x38 Drivers/STM32F4xx_HAL_Driver/Src/stm32f4xx_hal_tim.o
                0x0800186c                HAL_TIM_Base_Init
 .text.HAL_TIM_OC_Init
                0x080018a4       0x38 Drivers/STM32F4xx_HAL_Driver/Src/stm32f4xx_hal_tim.o
                0x080018a4                HAL_TIM_OC_Init
 .text.HAL_TIM_PWM_Init
                0x080018dc       0x38 Drivers/STM32F4xx_HAL_Driver/Src/stm32f4xx_hal_tim.o
                0x080018dc                HAL_TIM_PWM_Init
 .text.TIM_OC2_SetConfig
                0x08001914       0x70 Drivers/STM32F4xx_HAL_Driver/Src/stm32f4xx_hal_tim.o
                0x08001914                TIM_OC2_SetConfig
 .text.HAL_TIM_OC_ConfigChannel
                0x08001984       0x60 Drivers/STM32F4xx_HAL_Driver/Src/stm32f4xx_hal_tim.o
                0x08001984                HAL_TIM_OC_ConfigChannel
 .text.HAL_TIM_PWM_ConfigChannel
                0x080019e4       0xdc Drivers/STM32F4xx_HAL_Driver/Src/stm32f4xx_hal_tim.o
                0x080019e4                HAL_TIM_PWM_ConfigChannel
 .text.TIM_CCxChannelCmd
                0x08001ac0       0x20 Drivers/STM32F4xx_HAL_Driver/Src/stm32f4xx_hal_tim.o
                0x08001ac0                TIM_CCxChannelCmd
 .text.HAL_TIM_PWM_Start
                0x08001ae0       0x44 Drivers/STM32F4xx_HAL_Driver/Src/stm32f4xx_hal_tim.o
                0x08001ae0                HAL_TIM_PWM_Start
 .text.HAL_TIMEx_MasterConfigSynchronization
                0x08001b24       0x54 Drivers/STM32F4xx_HAL_Driver/Src/stm32f4xx_hal_tim_ex.o
                0x08001b24                HAL_TIMEx_MasterConfigSynchronization
 .text.HAL_TIMEx_ConfigBreakDeadTime
                0x08001b78       0x58 Drivers/STM32F4xx_HAL_Driver/Src/stm32f4xx_hal_tim_ex.o
                0x08001b78                HAL_TIMEx_ConfigBreakDeadTime
 .text.HAL_TIMEx_CommutationCallback
                0x08001bd0        0x4 Drivers/STM32F4xx_HAL_Driver/Src/stm32f4xx_hal_tim_ex.o
                0x08001bd0                HAL_TIMEx_CommutationCallback
 .text.HAL_TIMEx_BreakCallback
                0x08001bd4        0x4 Drivers/STM32F4xx_HAL_Driver/Src/stm32f4xx_hal_tim_ex.o
                0x08001bd4                HAL_TIMEx_BreakCallback
 .text.UART_SetConfig
                0x08001bd8      0x32c Drivers/STM32F4xx_HAL_Driver/Src/stm32f4xx_hal_uart.o
 .text.UART_WaitOnFlagUntilTimeout
                0x08001f04       0x68 Drivers/STM32F4xx_HAL_Driver/Src/stm32f4xx_hal_uart.o
 .text.HAL_UART_Init
                0x08001f6c       0x64 Drivers/STM32F4xx_HAL_Driver/Src/stm32f4xx_hal_uart.o
                0x08001f6c                HAL_UART_Init
 .text.HAL_UART_Transmit
                0x08001fd0       0xe4 Drivers/STM32F4xx_HAL_Driver/Src/stm32f4xx_hal_uart.o
                0x08001fd0                HAL_UART_Transmit
 .text.HAL_UART_Receive
                0x080020b4       0xe8 Drivers/STM32F4xx_HAL_Driver/Src/stm32f4xx_hal_uart.o
                0x080020b4                HAL_UART_Receive
 .text.MX_GPIO_Init
                0x0800219c      0x200 Src/main.o
 .text.MX_NVIC_Init
                0x0800239c       0x44 Src/main.o
 .text.motorroutine
                0x080023e0       0xc8 Src/main.o
                0x080023e0                motorroutine
 .text.turretroutine
                0x080024a8       0x20 Src/main.o
                0x080024a8                turretroutine
 .text.shoot    0x080024c8       0x20 Src/main.o
                0x080024c8                shoot
 .text.endgame  0x080024e8       0x44 Src/main.o
                0x080024e8                endgame
 .text.hitregister
                0x0800252c       0x2c Src/main.o
                0x0800252c                hitregister
 .text.ledroutine
                0x08002558       0x30 Src/main.o
                0x08002558                ledroutine
 .text.lcd_send_cmd
                0x08002588       0x40 Src/main.o
                0x08002588                lcd_send_cmd
 .text.lcd_send_data
                0x080025c8       0x48 Src/main.o
                0x080025c8                lcd_send_data
 .text.lcd_init
                0x08002610       0x1c Src/main.o
                0x08002610                lcd_init
 .text.lcd_send_string
                0x0800262c       0x14 Src/main.o
                0x0800262c                lcd_send_string
 .text.transmit
                0x08002640       0x94 Src/main.o
                0x08002640                transmit
 .text.speaker  0x080026d4       0x90 Src/main.o
                0x080026d4                speaker
 .text.start    0x08002764       0x30 Src/main.o
                0x08002764                start
 .text.rst      0x08002794       0x24 Src/main.o
                0x08002794                rst
 .text.UartHandler
                0x080027b8      0x174 Src/main.o
                0x080027b8                UartHandler
 .text.HAL_TIM_PeriodElapsedCallback
                0x0800292c      0x158 Src/main.o
                0x0800292c                HAL_TIM_PeriodElapsedCallback
 .text._Error_Handler
                0x08002a84        0x4 Src/main.o
                0x08002a84                _Error_Handler
 .text.MX_TIM2_Init
                0x08002a88       0xac Src/main.o
 .text.MX_TIM1_Init
                0x08002b34       0xec Src/main.o
 .text.MX_TIM3_Init
                0x08002c20       0xac Src/main.o
 .text.MX_TIM4_Init
                0x08002ccc       0xc0 Src/main.o
 .text.MX_DAC_Init
                0x08002d8c       0x48 Src/main.o
 .text.MX_TIM5_Init
                0x08002dd4       0xc0 Src/main.o
 .text.MX_TIM6_Init
                0x08002e94       0x54 Src/main.o
 .text.MX_UART4_Init
                0x08002ee8       0x3c Src/main.o
 .text.MX_I2C1_Init
                0x08002f24       0x44 Src/main.o
 .text.MX_TIM7_Init
                0x08002f68       0x58 Src/main.o
 .text.MX_TIM10_Init
                0x08002fc0       0x70 Src/main.o
 .text.SystemClock_Config
                0x08003030       0xc8 Src/main.o
                0x08003030                SystemClock_Config
 .text.main     0x080030f8      0x1a8 Src/main.o
                0x080030f8                main
 .text.HAL_MspInit
                0x080032a0       0x60 Src/stm32f4xx_hal_msp.o
                0x080032a0                HAL_MspInit
 .text.HAL_DAC_MspInit
                0x08003300       0x58 Src/stm32f4xx_hal_msp.o
                0x08003300                HAL_DAC_MspInit
 .text.HAL_I2C_MspInit
                0x08003358       0x58 Src/stm32f4xx_hal_msp.o
                0x08003358                HAL_I2C_MspInit
 .text.HAL_TIM_PWM_MspInit
                0x080033b0       0xa8 Src/stm32f4xx_hal_msp.o
                0x080033b0                HAL_TIM_PWM_MspInit
 .text.HAL_TIM_Base_MspInit
                0x08003458       0xc8 Src/stm32f4xx_hal_msp.o
                0x08003458                HAL_TIM_Base_MspInit
 .text.HAL_TIM_MspPostInit
                0x08003520       0xc8 Src/stm32f4xx_hal_msp.o
                0x08003520                HAL_TIM_MspPostInit
 .text.HAL_UART_MspInit
                0x080035e8       0x58 Src/stm32f4xx_hal_msp.o
                0x080035e8                HAL_UART_MspInit
 .text.NMI_Handler
                0x08003640        0x4 Src/stm32f4xx_it.o
                0x08003640                NMI_Handler
 .text.HardFault_Handler
                0x08003644        0x4 Src/stm32f4xx_it.o
                0x08003644                HardFault_Handler
 .text.MemManage_Handler
                0x08003648        0x4 Src/stm32f4xx_it.o
                0x08003648                MemManage_Handler
 .text.BusFault_Handler
                0x0800364c        0x4 Src/stm32f4xx_it.o
                0x0800364c                BusFault_Handler
 .text.UsageFault_Handler
                0x08003650        0x4 Src/stm32f4xx_it.o
                0x08003650                UsageFault_Handler
 .text.SVC_Handler
                0x08003654        0x4 Src/stm32f4xx_it.o
                0x08003654                SVC_Handler
 .text.DebugMon_Handler
                0x08003658        0x4 Src/stm32f4xx_it.o
                0x08003658                DebugMon_Handler
 .text.PendSV_Handler
                0x0800365c        0x4 Src/stm32f4xx_it.o
                0x0800365c                PendSV_Handler
 .text.SysTick_Handler
                0x08003660        0xc Src/stm32f4xx_it.o
                0x08003660                SysTick_Handler
 .text.EXTI0_IRQHandler
                0x0800366c       0x30 Src/stm32f4xx_it.o
                0x0800366c                EXTI0_IRQHandler
 .text.EXTI1_IRQHandler
                0x0800369c       0x30 Src/stm32f4xx_it.o
                0x0800369c                EXTI1_IRQHandler
 .text.EXTI9_5_IRQHandler
                0x080036cc       0x60 Src/stm32f4xx_it.o
                0x080036cc                EXTI9_5_IRQHandler
 .text.TIM1_UP_TIM10_IRQHandler
                0x0800372c       0x18 Src/stm32f4xx_it.o
                0x0800372c                TIM1_UP_TIM10_IRQHandler
 .text.TIM5_IRQHandler
                0x08003744       0x10 Src/stm32f4xx_it.o
                0x08003744                TIM5_IRQHandler
 .text.TIM6_DAC_IRQHandler
                0x08003754       0x18 Src/stm32f4xx_it.o
                0x08003754                TIM6_DAC_IRQHandler
 .text.TIM7_IRQHandler
                0x0800376c       0x10 Src/stm32f4xx_it.o
                0x0800376c                TIM7_IRQHandler
 .text.SystemInit
                0x0800377c       0x4c Src/system_stm32f4xx.o
                0x0800377c                SystemInit
 .text.Reset_Handler
                0x080037c8       0x50 startup/startup_stm32f407xx.o
                0x080037c8                Reset_Handler
 .text.Default_Handler
                0x08003818        0x2 startup/startup_stm32f407xx.o
                0x08003818                RTC_Alarm_IRQHandler
                0x08003818                HASH_RNG_IRQHandler
                0x08003818                EXTI2_IRQHandler
                0x08003818                TIM8_CC_IRQHandler
                0x08003818                TIM1_CC_IRQHandler
                0x08003818                DMA2_Stream5_IRQHandler
                0x08003818                DMA1_Stream5_IRQHandler
                0x08003818                PVD_IRQHandler
                0x08003818                SDIO_IRQHandler
                0x08003818                TAMP_STAMP_IRQHandler
                0x08003818                CAN2_RX1_IRQHandler
                0x08003818                EXTI3_IRQHandler
                0x08003818                TIM8_TRG_COM_TIM14_IRQHandler
                0x08003818                TIM8_UP_TIM13_IRQHandler
                0x08003818                I2C3_ER_IRQHandler
                0x08003818                I2C2_EV_IRQHandler
                0x08003818                DMA1_Stream2_IRQHandler
                0x08003818                CAN1_RX0_IRQHandler
                0x08003818                FPU_IRQHandler
                0x08003818                OTG_HS_WKUP_IRQHandler
                0x08003818                CAN2_SCE_IRQHandler
                0x08003818                DMA2_Stream2_IRQHandler
                0x08003818                SPI1_IRQHandler
                0x08003818                TIM1_BRK_TIM9_IRQHandler
                0x08003818                DCMI_IRQHandler
                0x08003818                CAN2_RX0_IRQHandler
                0x08003818                DMA2_Stream3_IRQHandler
                0x08003818                USART6_IRQHandler
                0x08003818                USART3_IRQHandler
                0x08003818                CAN1_RX1_IRQHandler
                0x08003818                UART5_IRQHandler
                0x08003818                DMA2_Stream0_IRQHandler
                0x08003818                TIM4_IRQHandler
                0x08003818                I2C1_EV_IRQHandler
                0x08003818                DMA1_Stream6_IRQHandler
                0x08003818                DMA1_Stream1_IRQHandler
                0x08003818                UART4_IRQHandler
                0x08003818                TIM3_IRQHandler
                0x08003818                RCC_IRQHandler
                0x08003818                TIM8_BRK_TIM12_IRQHandler
                0x08003818                Default_Handler
                0x08003818                EXTI15_10_IRQHandler
                0x08003818                ADC_IRQHandler
                0x08003818                DMA1_Stream7_IRQHandler
                0x08003818                CAN2_TX_IRQHandler
                0x08003818                DMA2_Stream7_IRQHandler
                0x08003818                I2C3_EV_IRQHandler
                0x08003818                RTC_WKUP_IRQHandler
                0x08003818                ETH_WKUP_IRQHandler
                0x08003818                SPI2_IRQHandler
                0x08003818                OTG_HS_EP1_IN_IRQHandler
                0x08003818                DMA1_Stream0_IRQHandler
                0x08003818                CAN1_TX_IRQHandler
                0x08003818                EXTI4_IRQHandler
                0x08003818                FSMC_IRQHandler
                0x08003818                ETH_IRQHandler
                0x08003818                OTG_HS_EP1_OUT_IRQHandler
                0x08003818                WWDG_IRQHandler
                0x08003818                TIM2_IRQHandler
                0x08003818                OTG_FS_WKUP_IRQHandler
                0x08003818                TIM1_TRG_COM_TIM11_IRQHandler
                0x08003818                OTG_HS_IRQHandler
                0x08003818                USART2_IRQHandler
                0x08003818                I2C2_ER_IRQHandler
                0x08003818                DMA2_Stream1_IRQHandler
                0x08003818                CAN1_SCE_IRQHandler
                0x08003818                FLASH_IRQHandler
                0x08003818                DMA2_Stream4_IRQHandler
                0x08003818                USART1_IRQHandler
                0x08003818                OTG_FS_IRQHandler
                0x08003818                SPI3_IRQHandler
                0x08003818                DMA1_Stream4_IRQHandler
                0x08003818                I2C1_ER_IRQHandler
                0x08003818                DMA2_Stream6_IRQHandler
                0x08003818                DMA1_Stream3_IRQHandler
 *fill*         0x0800381a        0x2 
 .text.__libc_init_array
                0x0800381c       0x4c c:/users/vaibhav/.p2/pool/plugins/fr.ac6.mcu.externaltools.arm-none.win32_1.13.2.201703061525/tools/compiler/bin/../lib/gcc/arm-none-eabi/5.4.1/../../../../arm-none-eabi/lib/armv7e-m/fpu\libc_nano.a(lib_a-init.o)
                0x0800381c                __libc_init_array
 .text.strcpy   0x08003868       0x10 c:/users/vaibhav/.p2/pool/plugins/fr.ac6.mcu.externaltools.arm-none.win32_1.13.2.201703061525/tools/compiler/bin/../lib/gcc/arm-none-eabi/5.4.1/../../../../arm-none-eabi/lib/armv7e-m/fpu\libc_nano.a(lib_a-strcpy.o)
                0x08003868                strcpy
 *(.glue_7)
 .glue_7        0x08003878        0x0 linker stubs
 *(.glue_7t)
 .glue_7t       0x08003878        0x0 linker stubs
 *(.eh_frame)
 .eh_frame      0x08003878        0x0 c:/users/vaibhav/.p2/pool/plugins/fr.ac6.mcu.externaltools.arm-none.win32_1.13.2.201703061525/tools/compiler/bin/../lib/gcc/arm-none-eabi/5.4.1/armv7e-m/fpu/crtbegin.o
 *(.init)
 .init          0x08003878        0x4 c:/users/vaibhav/.p2/pool/plugins/fr.ac6.mcu.externaltools.arm-none.win32_1.13.2.201703061525/tools/compiler/bin/../lib/gcc/arm-none-eabi/5.4.1/armv7e-m/fpu/crti.o
                0x08003878                _init
 .init          0x0800387c        0x8 c:/users/vaibhav/.p2/pool/plugins/fr.ac6.mcu.externaltools.arm-none.win32_1.13.2.201703061525/tools/compiler/bin/../lib/gcc/arm-none-eabi/5.4.1/armv7e-m/fpu/crtn.o
 *(.fini)
 .fini          0x08003884        0x4 c:/users/vaibhav/.p2/pool/plugins/fr.ac6.mcu.externaltools.arm-none.win32_1.13.2.201703061525/tools/compiler/bin/../lib/gcc/arm-none-eabi/5.4.1/armv7e-m/fpu/crti.o
                0x08003884                _fini
 .fini          0x08003888        0x8 c:/users/vaibhav/.p2/pool/plugins/fr.ac6.mcu.externaltools.arm-none.win32_1.13.2.201703061525/tools/compiler/bin/../lib/gcc/arm-none-eabi/5.4.1/armv7e-m/fpu/crtn.o
                0x08003890                . = ALIGN (0x4)
                0x08003890                _etext = .

.vfp11_veneer   0x08003890        0x0
 .vfp11_veneer  0x08003890        0x0 linker stubs

.v4_bx          0x08003890        0x0
 .v4_bx         0x08003890        0x0 linker stubs

.iplt           0x08003890        0x0
 .iplt          0x08003890        0x0 c:/users/vaibhav/.p2/pool/plugins/fr.ac6.mcu.externaltools.arm-none.win32_1.13.2.201703061525/tools/compiler/bin/../lib/gcc/arm-none-eabi/5.4.1/armv7e-m/fpu/crtbegin.o

.rodata         0x08003890    0x46078
                0x08003890                . = ALIGN (0x4)
 *(.rodata)
 .rodata        0x08003890    0x14519 Src/Losing_1_Notes_8bit.o
                0x08003890                data
 *fill*         0x08017da9        0x3 
 .rodata        0x08017dac     0xe99e Src/Losing_2_Notes_8bit.o
                0x08017dac                data1
 *fill*         0x0802674a        0x2 
 .rodata        0x0802674c     0x2640 Src/Shoot_2_Notes_8bit.o
                0x0802674c                data3
 .rodata        0x08028d8c    0x20b4c Src/Winner_Notes_8bit.o
                0x08028d8c                data2
 .rodata        0x080498d8       0x18 Src/system_stm32f4xx.o
                0x080498d8                AHBPrescTable
                0x080498e8                APBPrescTable
 *(.rodata*)
 .rodata.str1.4
                0x080498f0       0x18 Src/main.o
                                 0x16 (size before relaxing)
                0x08049908                . = ALIGN (0x4)

.rel.dyn        0x08049908        0x0
 .rel.iplt      0x08049908        0x0 c:/users/vaibhav/.p2/pool/plugins/fr.ac6.mcu.externaltools.arm-none.win32_1.13.2.201703061525/tools/compiler/bin/../lib/gcc/arm-none-eabi/5.4.1/armv7e-m/fpu/crtbegin.o

.ARM.extab
 *(.ARM.extab* .gnu.linkonce.armextab.*)

.ARM            0x08049908        0x0
                0x08049908                __exidx_start = .
 *(.ARM.exidx*)
                0x08049908                __exidx_end = .

.preinit_array  0x08049908        0x0
                0x08049908                PROVIDE (__preinit_array_start, .)
 *(.preinit_array*)
                0x08049908                PROVIDE (__preinit_array_end, .)

.init_array     0x08049908        0x4
                0x08049908                PROVIDE (__init_array_start, .)
 *(SORT(.init_array.*))
 *(.init_array*)
 .init_array    0x08049908        0x4 c:/users/vaibhav/.p2/pool/plugins/fr.ac6.mcu.externaltools.arm-none.win32_1.13.2.201703061525/tools/compiler/bin/../lib/gcc/arm-none-eabi/5.4.1/armv7e-m/fpu/crtbegin.o
                0x0804990c                PROVIDE (__init_array_end, .)

.fini_array     0x0804990c        0x4
                [!provide]                PROVIDE (__fini_array_start, .)
 *(SORT(.fini_array.*))
 *(.fini_array*)
 .fini_array    0x0804990c        0x4 c:/users/vaibhav/.p2/pool/plugins/fr.ac6.mcu.externaltools.arm-none.win32_1.13.2.201703061525/tools/compiler/bin/../lib/gcc/arm-none-eabi/5.4.1/armv7e-m/fpu/crtbegin.o
                [!provide]                PROVIDE (__fini_array_end, .)
                0x08049910                _sidata = LOADADDR (.data)

.data           0x20000000        0xc load address 0x08049910
                0x20000000                . = ALIGN (0x4)
                0x20000000                _sdata = .
 *(.data)
 .data          0x20000000        0x8 Src/main.o
                0x20000000                gamerun
                0x20000004                h
 .data          0x20000008        0x4 Src/system_stm32f4xx.o
                0x20000008                SystemCoreClock
 *(.data*)
                0x2000000c                . = ALIGN (0x4)
                0x2000000c                _edata = .
                0x0804991c                _siccmram = LOADADDR (.ccmram)

.jcr            0x2000000c        0x0 load address 0x0804991c
 .jcr           0x2000000c        0x0 c:/users/vaibhav/.p2/pool/plugins/fr.ac6.mcu.externaltools.arm-none.win32_1.13.2.201703061525/tools/compiler/bin/../lib/gcc/arm-none-eabi/5.4.1/armv7e-m/fpu/crtbegin.o

.igot.plt       0x2000000c        0x0 load address 0x0804991c
 .igot.plt      0x2000000c        0x0 c:/users/vaibhav/.p2/pool/plugins/fr.ac6.mcu.externaltools.arm-none.win32_1.13.2.201703061525/tools/compiler/bin/../lib/gcc/arm-none-eabi/5.4.1/armv7e-m/fpu/crtbegin.o

.ccmram         0x10000000        0x0 load address 0x0804991c
                0x10000000                . = ALIGN (0x4)
                0x10000000                _sccmram = .
 *(.ccmram)
 *(.ccmram*)
                0x10000000                . = ALIGN (0x4)
                0x10000000                _eccmram = .
                0x10000000                . = ALIGN (0x4)

.bss            0x2000000c      0x2dc
                0x2000000c                _sbss = .
                0x2000000c                __bss_start__ = _sbss
 *(.bss)
 .bss           0x2000000c       0x1c c:/users/vaibhav/.p2/pool/plugins/fr.ac6.mcu.externaltools.arm-none.win32_1.13.2.201703061525/tools/compiler/bin/../lib/gcc/arm-none-eabi/5.4.1/armv7e-m/fpu/crtbegin.o
 .bss           0x20000028       0x30 Src/main.o
                0x20000028                winner
                0x2000002c                LED_counter
                0x20000030                i1
                0x20000034                speaker_flag
                0x20000038                j
                0x2000003c                j_one
                0x20000040                j3
                0x20000044                j2
                0x20000048                value
                0x2000004c                k
                0x20000050                LED_on
                0x20000054                transmit_counter
 *(.bss*)
 *(COMMON)
 COMMON         0x20000058        0x4 Drivers/STM32F4xx_HAL_Driver/Src/stm32f4xx_hal.o
                0x20000058                uwTick
 COMMON         0x2000005c      0x28c Src/main.o
                0x2000005c                htim4
                0x20000098                hi2c1
                0x200000ec                htim10
                0x20000128                htim5
                0x20000164                htim3
                0x200001a0                health
                0x200001a4                hdac
                0x200001b8                htim6
                0x200001f4                htim1
                0x20000230                huart4
                0x20000270                htim2
                0x200002ac                htim7
                0x200002e8                . = ALIGN (0x4)
                0x200002e8                _ebss = .
                0x200002e8                __bss_end__ = _ebss

._user_heap_stack
                0x200002e8      0x600
                0x200002e8                . = ALIGN (0x8)
                [!provide]                PROVIDE (end, .)
                [!provide]                PROVIDE (_end, .)
                0x200004e8                . = (. + _Min_Heap_Size)
 *fill*         0x200002e8      0x200 
                0x200008e8                . = (. + _Min_Stack_Size)
 *fill*         0x200004e8      0x400 
                0x200008e8                . = ALIGN (0x8)

/DISCARD/
 libc.a(*)
 libm.a(*)
 libgcc.a(*)

.ARM.attributes
                0x00000000       0x30
 *(.ARM.attributes)
 .ARM.attributes
                0x00000000       0x22 c:/users/vaibhav/.p2/pool/plugins/fr.ac6.mcu.externaltools.arm-none.win32_1.13.2.201703061525/tools/compiler/bin/../lib/gcc/arm-none-eabi/5.4.1/armv7e-m/fpu/crti.o
 .ARM.attributes
                0x00000022       0x34 c:/users/vaibhav/.p2/pool/plugins/fr.ac6.mcu.externaltools.arm-none.win32_1.13.2.201703061525/tools/compiler/bin/../lib/gcc/arm-none-eabi/5.4.1/armv7e-m/fpu/crtbegin.o
 .ARM.attributes
                0x00000056       0x39 Drivers/STM32F4xx_HAL_Driver/Src/stm32f4xx_hal.o
 .ARM.attributes
                0x0000008f       0x39 Drivers/STM32F4xx_HAL_Driver/Src/stm32f4xx_hal_cortex.o
 .ARM.attributes
                0x000000c8       0x39 Drivers/STM32F4xx_HAL_Driver/Src/stm32f4xx_hal_dac.o
 .ARM.attributes
                0x00000101       0x39 Drivers/STM32F4xx_HAL_Driver/Src/stm32f4xx_hal_dac_ex.o
 .ARM.attributes
                0x0000013a       0x39 Drivers/STM32F4xx_HAL_Driver/Src/stm32f4xx_hal_gpio.o
 .ARM.attributes
                0x00000173       0x39 Drivers/STM32F4xx_HAL_Driver/Src/stm32f4xx_hal_i2c.o
 .ARM.attributes
                0x000001ac       0x39 Drivers/STM32F4xx_HAL_Driver/Src/stm32f4xx_hal_rcc.o
 .ARM.attributes
                0x000001e5       0x39 Drivers/STM32F4xx_HAL_Driver/Src/stm32f4xx_hal_tim.o
 .ARM.attributes
                0x0000021e       0x39 Drivers/STM32F4xx_HAL_Driver/Src/stm32f4xx_hal_tim_ex.o
 .ARM.attributes
                0x00000257       0x39 Drivers/STM32F4xx_HAL_Driver/Src/stm32f4xx_hal_uart.o
 .ARM.attributes
                0x00000290       0x39 Src/Losing_1_Notes_8bit.o
 .ARM.attributes
                0x000002c9       0x39 Src/Losing_2_Notes_8bit.o
 .ARM.attributes
                0x00000302       0x39 Src/Shoot_2_Notes_8bit.o
 .ARM.attributes
                0x0000033b       0x39 Src/Winner_Notes_8bit.o
 .ARM.attributes
                0x00000374       0x39 Src/main.o
 .ARM.attributes
                0x000003ad       0x39 Src/stm32f4xx_hal_msp.o
 .ARM.attributes
                0x000003e6       0x39 Src/stm32f4xx_it.o
 .ARM.attributes
                0x0000041f       0x39 Src/system_stm32f4xx.o
 .ARM.attributes
                0x00000458       0x21 startup/startup_stm32f407xx.o
 .ARM.attributes
                0x00000479       0x34 c:/users/vaibhav/.p2/pool/plugins/fr.ac6.mcu.externaltools.arm-none.win32_1.13.2.201703061525/tools/compiler/bin/../lib/gcc/arm-none-eabi/5.4.1/../../../../arm-none-eabi/lib/armv7e-m/fpu\libc_nano.a(lib_a-init.o)
 .ARM.attributes
                0x000004ad       0x20 c:/users/vaibhav/.p2/pool/plugins/fr.ac6.mcu.externaltools.arm-none.win32_1.13.2.201703061525/tools/compiler/bin/../lib/gcc/arm-none-eabi/5.4.1/../../../../arm-none-eabi/lib/armv7e-m/fpu\libc_nano.a(lib_a-strcmp.o)
 .ARM.attributes
                0x000004cd       0x34 c:/users/vaibhav/.p2/pool/plugins/fr.ac6.mcu.externaltools.arm-none.win32_1.13.2.201703061525/tools/compiler/bin/../lib/gcc/arm-none-eabi/5.4.1/../../../../arm-none-eabi/lib/armv7e-m/fpu\libc_nano.a(lib_a-strcpy.o)
 .ARM.attributes
                0x00000501       0x22 c:/users/vaibhav/.p2/pool/plugins/fr.ac6.mcu.externaltools.arm-none.win32_1.13.2.201703061525/tools/compiler/bin/../lib/gcc/arm-none-eabi/5.4.1/armv7e-m/fpu/crtn.o
OUTPUT(Mar.elf elf32-littlearm)

.debug_info     0x00000000    0x120ea
 .debug_info    0x00000000      0x928 Drivers/STM32F4xx_HAL_Driver/Src/stm32f4xx_hal.o
 .debug_info    0x00000928      0xf0d Drivers/STM32F4xx_HAL_Driver/Src/stm32f4xx_hal_cortex.o
 .debug_info    0x00001835      0xa77 Drivers/STM32F4xx_HAL_Driver/Src/stm32f4xx_hal_dac.o
 .debug_info    0x000022ac      0x74b Drivers/STM32F4xx_HAL_Driver/Src/stm32f4xx_hal_dac_ex.o
 .debug_info    0x000029f7      0x72a Drivers/STM32F4xx_HAL_Driver/Src/stm32f4xx_hal_gpio.o
 .debug_info    0x00003121     0x2e88 Drivers/STM32F4xx_HAL_Driver/Src/stm32f4xx_hal_i2c.o
 .debug_info    0x00005fa9      0xce5 Drivers/STM32F4xx_HAL_Driver/Src/stm32f4xx_hal_rcc.o
 .debug_info    0x00006c8e     0x2e14 Drivers/STM32F4xx_HAL_Driver/Src/stm32f4xx_hal_tim.o
 .debug_info    0x00009aa2     0x12a5 Drivers/STM32F4xx_HAL_Driver/Src/stm32f4xx_hal_tim_ex.o
 .debug_info    0x0000ad47     0x16b4 Drivers/STM32F4xx_HAL_Driver/Src/stm32f4xx_hal_uart.o
 .debug_info    0x0000c3fb       0xb3 Src/Losing_1_Notes_8bit.o
 .debug_info    0x0000c4ae       0xb1 Src/Losing_2_Notes_8bit.o
 .debug_info    0x0000c55f       0xb1 Src/Shoot_2_Notes_8bit.o
 .debug_info    0x0000c610       0xb3 Src/Winner_Notes_8bit.o
 .debug_info    0x0000c6c3     0x326d Src/main.o
 .debug_info    0x0000f930     0x16d4 Src/stm32f4xx_hal_msp.o
 .debug_info    0x00011004      0xb70 Src/stm32f4xx_it.o
 .debug_info    0x00011b74      0x500 Src/system_stm32f4xx.o
 .debug_info    0x00012074       0x76 startup/startup_stm32f407xx.o

.debug_abbrev   0x00000000     0x2006
 .debug_abbrev  0x00000000      0x25c Drivers/STM32F4xx_HAL_Driver/Src/stm32f4xx_hal.o
 .debug_abbrev  0x0000025c      0x2fe Drivers/STM32F4xx_HAL_Driver/Src/stm32f4xx_hal_cortex.o
 .debug_abbrev  0x0000055a      0x202 Drivers/STM32F4xx_HAL_Driver/Src/stm32f4xx_hal_dac.o
 .debug_abbrev  0x0000075c      0x1bd Drivers/STM32F4xx_HAL_Driver/Src/stm32f4xx_hal_dac_ex.o
 .debug_abbrev  0x00000919      0x1cd Drivers/STM32F4xx_HAL_Driver/Src/stm32f4xx_hal_gpio.o
 .debug_abbrev  0x00000ae6      0x237 Drivers/STM32F4xx_HAL_Driver/Src/stm32f4xx_hal_i2c.o
 .debug_abbrev  0x00000d1d      0x2b0 Drivers/STM32F4xx_HAL_Driver/Src/stm32f4xx_hal_rcc.o
 .debug_abbrev  0x00000fcd      0x21b Drivers/STM32F4xx_HAL_Driver/Src/stm32f4xx_hal_tim.o
 .debug_abbrev  0x000011e8      0x21b Drivers/STM32F4xx_HAL_Driver/Src/stm32f4xx_hal_tim_ex.o
 .debug_abbrev  0x00001403      0x26f Drivers/STM32F4xx_HAL_Driver/Src/stm32f4xx_hal_uart.o
 .debug_abbrev  0x00001672       0x60 Src/Losing_1_Notes_8bit.o
 .debug_abbrev  0x000016d2       0x60 Src/Losing_2_Notes_8bit.o
 .debug_abbrev  0x00001732       0x60 Src/Shoot_2_Notes_8bit.o
 .debug_abbrev  0x00001792       0x60 Src/Winner_Notes_8bit.o
 .debug_abbrev  0x000017f2      0x30e Src/main.o
 .debug_abbrev  0x00001b00      0x1f6 Src/stm32f4xx_hal_msp.o
 .debug_abbrev  0x00001cf6      0x1fa Src/stm32f4xx_it.o
 .debug_abbrev  0x00001ef0      0x104 Src/system_stm32f4xx.o
 .debug_abbrev  0x00001ff4       0x12 startup/startup_stm32f407xx.o

.debug_loc      0x00000000     0xa5e4
 .debug_loc     0x00000000       0x91 Drivers/STM32F4xx_HAL_Driver/Src/stm32f4xx_hal.o
 .debug_loc     0x00000091      0x548 Drivers/STM32F4xx_HAL_Driver/Src/stm32f4xx_hal_cortex.o
 .debug_loc     0x000005d9      0x750 Drivers/STM32F4xx_HAL_Driver/Src/stm32f4xx_hal_dac.o
 .debug_loc     0x00000d29      0x319 Drivers/STM32F4xx_HAL_Driver/Src/stm32f4xx_hal_dac_ex.o
 .debug_loc     0x00001042      0x38f Drivers/STM32F4xx_HAL_Driver/Src/stm32f4xx_hal_gpio.o
 .debug_loc     0x000013d1     0x2ed2 Drivers/STM32F4xx_HAL_Driver/Src/stm32f4xx_hal_i2c.o
 .debug_loc     0x000042a3      0x622 Drivers/STM32F4xx_HAL_Driver/Src/stm32f4xx_hal_rcc.o
 .debug_loc     0x000048c5     0x3278 Drivers/STM32F4xx_HAL_Driver/Src/stm32f4xx_hal_tim.o
 .debug_loc     0x00007b3d      0xd74 Drivers/STM32F4xx_HAL_Driver/Src/stm32f4xx_hal_tim_ex.o
 .debug_loc     0x000088b1     0x137a Drivers/STM32F4xx_HAL_Driver/Src/stm32f4xx_hal_uart.o
 .debug_loc     0x00009c2b      0x662 Src/main.o
 .debug_loc     0x0000a28d      0x225 Src/stm32f4xx_hal_msp.o
 .debug_loc     0x0000a4b2      0x132 Src/system_stm32f4xx.o

.debug_aranges  0x00000000      0xf40
 .debug_aranges
                0x00000000       0xc8 Drivers/STM32F4xx_HAL_Driver/Src/stm32f4xx_hal.o
 .debug_aranges
                0x000000c8       0xa8 Drivers/STM32F4xx_HAL_Driver/Src/stm32f4xx_hal_cortex.o
 .debug_aranges
                0x00000170       0xc0 Drivers/STM32F4xx_HAL_Driver/Src/stm32f4xx_hal_dac.o
 .debug_aranges
                0x00000230       0x70 Drivers/STM32F4xx_HAL_Driver/Src/stm32f4xx_hal_dac_ex.o
 .debug_aranges
                0x000002a0       0x58 Drivers/STM32F4xx_HAL_Driver/Src/stm32f4xx_hal_gpio.o
 .debug_aranges
                0x000002f8      0x268 Drivers/STM32F4xx_HAL_Driver/Src/stm32f4xx_hal_i2c.o
 .debug_aranges
                0x00000560       0x88 Drivers/STM32F4xx_HAL_Driver/Src/stm32f4xx_hal_rcc.o
 .debug_aranges
                0x000005e8      0x368 Drivers/STM32F4xx_HAL_Driver/Src/stm32f4xx_hal_tim.o
 .debug_aranges
                0x00000950      0x140 Drivers/STM32F4xx_HAL_Driver/Src/stm32f4xx_hal_tim_ex.o
 .debug_aranges
                0x00000a90      0x1d0 Drivers/STM32F4xx_HAL_Driver/Src/stm32f4xx_hal_uart.o
 .debug_aranges
                0x00000c60       0x18 Src/Losing_1_Notes_8bit.o
 .debug_aranges
                0x00000c78       0x18 Src/Losing_2_Notes_8bit.o
 .debug_aranges
                0x00000c90       0x18 Src/Shoot_2_Notes_8bit.o
 .debug_aranges
                0x00000ca8       0x18 Src/Winner_Notes_8bit.o
 .debug_aranges
                0x00000cc0      0x120 Src/main.o
 .debug_aranges
                0x00000de0       0x78 Src/stm32f4xx_hal_msp.o
 .debug_aranges
                0x00000e58       0x98 Src/stm32f4xx_it.o
 .debug_aranges
                0x00000ef0       0x28 Src/system_stm32f4xx.o
 .debug_aranges
                0x00000f18       0x28 startup/startup_stm32f407xx.o

.debug_ranges   0x00000000      0xdf8
 .debug_ranges  0x00000000       0xb8 Drivers/STM32F4xx_HAL_Driver/Src/stm32f4xx_hal.o
 .debug_ranges  0x000000b8       0x98 Drivers/STM32F4xx_HAL_Driver/Src/stm32f4xx_hal_cortex.o
 .debug_ranges  0x00000150       0xb0 Drivers/STM32F4xx_HAL_Driver/Src/stm32f4xx_hal_dac.o
 .debug_ranges  0x00000200       0x60 Drivers/STM32F4xx_HAL_Driver/Src/stm32f4xx_hal_dac_ex.o
 .debug_ranges  0x00000260       0x48 Drivers/STM32F4xx_HAL_Driver/Src/stm32f4xx_hal_gpio.o
 .debug_ranges  0x000002a8      0x258 Drivers/STM32F4xx_HAL_Driver/Src/stm32f4xx_hal_i2c.o
 .debug_ranges  0x00000500       0x78 Drivers/STM32F4xx_HAL_Driver/Src/stm32f4xx_hal_rcc.o
 .debug_ranges  0x00000578      0x358 Drivers/STM32F4xx_HAL_Driver/Src/stm32f4xx_hal_tim.o
 .debug_ranges  0x000008d0      0x130 Drivers/STM32F4xx_HAL_Driver/Src/stm32f4xx_hal_tim_ex.o
 .debug_ranges  0x00000a00      0x1c0 Drivers/STM32F4xx_HAL_Driver/Src/stm32f4xx_hal_uart.o
 .debug_ranges  0x00000bc0      0x110 Src/main.o
 .debug_ranges  0x00000cd0       0x68 Src/stm32f4xx_hal_msp.o
 .debug_ranges  0x00000d38       0x88 Src/stm32f4xx_it.o
 .debug_ranges  0x00000dc0       0x18 Src/system_stm32f4xx.o
 .debug_ranges  0x00000dd8       0x20 startup/startup_stm32f407xx.o

.debug_macro    0x00000000    0x220bd
 .debug_macro   0x00000000      0x3a1 Drivers/STM32F4xx_HAL_Driver/Src/stm32f4xx_hal.o
 .debug_macro   0x000003a1      0x898 Drivers/STM32F4xx_HAL_Driver/Src/stm32f4xx_hal.o
 .debug_macro   0x00000c39      0x160 Drivers/STM32F4xx_HAL_Driver/Src/stm32f4xx_hal.o
 .debug_macro   0x00000d99      0x18c Drivers/STM32F4xx_HAL_Driver/Src/stm32f4xx_hal.o
 .debug_macro   0x00000f25       0x33 Drivers/STM32F4xx_HAL_Driver/Src/stm32f4xx_hal.o
 .debug_macro   0x00000f58       0x28 Drivers/STM32F4xx_HAL_Driver/Src/stm32f4xx_hal.o
 .debug_macro   0x00000f80       0x22 Drivers/STM32F4xx_HAL_Driver/Src/stm32f4xx_hal.o
 .debug_macro   0x00000fa2       0x87 Drivers/STM32F4xx_HAL_Driver/Src/stm32f4xx_hal.o
 .debug_macro   0x00001029       0x44 Drivers/STM32F4xx_HAL_Driver/Src/stm32f4xx_hal.o
 .debug_macro   0x0000106d       0xfd Drivers/STM32F4xx_HAL_Driver/Src/stm32f4xx_hal.o
 .debug_macro   0x0000116a       0x5e Drivers/STM32F4xx_HAL_Driver/Src/stm32f4xx_hal.o
 .debug_macro   0x000011c8      0x1df Drivers/STM32F4xx_HAL_Driver/Src/stm32f4xx_hal.o
 .debug_macro   0x000013a7       0x35 Drivers/STM32F4xx_HAL_Driver/Src/stm32f4xx_hal.o
 .debug_macro   0x000013dc       0x50 Drivers/STM32F4xx_HAL_Driver/Src/stm32f4xx_hal.o
 .debug_macro   0x0000142c      0xe66 Drivers/STM32F4xx_HAL_Driver/Src/stm32f4xx_hal.o
 .debug_macro   0x00002292    0x15e04 Drivers/STM32F4xx_HAL_Driver/Src/stm32f4xx_hal.o
 .debug_macro   0x00018096       0x43 Drivers/STM32F4xx_HAL_Driver/Src/stm32f4xx_hal.o
 .debug_macro   0x000180d9     0x3574 Drivers/STM32F4xx_HAL_Driver/Src/stm32f4xx_hal.o
 .debug_macro   0x0001b64d       0x52 Drivers/STM32F4xx_HAL_Driver/Src/stm32f4xx_hal.o
 .debug_macro   0x0001b69f       0x35 Drivers/STM32F4xx_HAL_Driver/Src/stm32f4xx_hal.o
 .debug_macro   0x0001b6d4       0x9c Drivers/STM32F4xx_HAL_Driver/Src/stm32f4xx_hal.o
 .debug_macro   0x0001b770       0x16 Drivers/STM32F4xx_HAL_Driver/Src/stm32f4xx_hal.o
 .debug_macro   0x0001b786       0x97 Drivers/STM32F4xx_HAL_Driver/Src/stm32f4xx_hal.o
 .debug_macro   0x0001b81d      0x30d Drivers/STM32F4xx_HAL_Driver/Src/stm32f4xx_hal.o
 .debug_macro   0x0001bb2a       0xfd Drivers/STM32F4xx_HAL_Driver/Src/stm32f4xx_hal.o
 .debug_macro   0x0001bc27       0x10 Drivers/STM32F4xx_HAL_Driver/Src/stm32f4xx_hal.o
 .debug_macro   0x0001bc37       0x52 Drivers/STM32F4xx_HAL_Driver/Src/stm32f4xx_hal.o
 .debug_macro   0x0001bc89       0x1f Drivers/STM32F4xx_HAL_Driver/Src/stm32f4xx_hal.o
 .debug_macro   0x0001bca8       0x43 Drivers/STM32F4xx_HAL_Driver/Src/stm32f4xx_hal.o
 .debug_macro   0x0001bceb       0x20 Drivers/STM32F4xx_HAL_Driver/Src/stm32f4xx_hal.o
 .debug_macro   0x0001bd0b      0x187 Drivers/STM32F4xx_HAL_Driver/Src/stm32f4xx_hal.o
 .debug_macro   0x0001be92       0x10 Drivers/STM32F4xx_HAL_Driver/Src/stm32f4xx_hal.o
 .debug_macro   0x0001bea2       0x1c Drivers/STM32F4xx_HAL_Driver/Src/stm32f4xx_hal.o
 .debug_macro   0x0001bebe       0x52 Drivers/STM32F4xx_HAL_Driver/Src/stm32f4xx_hal.o
 .debug_macro   0x0001bf10       0x40 Drivers/STM32F4xx_HAL_Driver/Src/stm32f4xx_hal.o
 .debug_macro   0x0001bf50       0x10 Drivers/STM32F4xx_HAL_Driver/Src/stm32f4xx_hal.o
 .debug_macro   0x0001bf60       0x40 Drivers/STM32F4xx_HAL_Driver/Src/stm32f4xx_hal.o
 .debug_macro   0x0001bfa0       0xd7 Drivers/STM32F4xx_HAL_Driver/Src/stm32f4xx_hal.o
 .debug_macro   0x0001c077       0x16 Drivers/STM32F4xx_HAL_Driver/Src/stm32f4xx_hal.o
 .debug_macro   0x0001c08d      0x18b Drivers/STM32F4xx_HAL_Driver/Src/stm32f4xx_hal.o
 .debug_macro   0x0001c218       0x50 Drivers/STM32F4xx_HAL_Driver/Src/stm32f4xx_hal.o
 .debug_macro   0x0001c268      0x96b Drivers/STM32F4xx_HAL_Driver/Src/stm32f4xx_hal.o
 .debug_macro   0x0001cbd3      0x9e1 Drivers/STM32F4xx_HAL_Driver/Src/stm32f4xx_hal.o
 .debug_macro   0x0001d5b4      0x11e Drivers/STM32F4xx_HAL_Driver/Src/stm32f4xx_hal.o
 .debug_macro   0x0001d6d2      0x13e Drivers/STM32F4xx_HAL_Driver/Src/stm32f4xx_hal.o
 .debug_macro   0x0001d810       0x27 Drivers/STM32F4xx_HAL_Driver/Src/stm32f4xx_hal.o
 .debug_macro   0x0001d837      0x287 Drivers/STM32F4xx_HAL_Driver/Src/stm32f4xx_hal.o
 .debug_macro   0x0001dabe       0x5f Drivers/STM32F4xx_HAL_Driver/Src/stm32f4xx_hal.o
 .debug_macro   0x0001db1d      0x23a Drivers/STM32F4xx_HAL_Driver/Src/stm32f4xx_hal.o
 .debug_macro   0x0001dd57       0xe6 Drivers/STM32F4xx_HAL_Driver/Src/stm32f4xx_hal.o
 .debug_macro   0x0001de3d       0xa1 Drivers/STM32F4xx_HAL_Driver/Src/stm32f4xx_hal.o
 .debug_macro   0x0001dede       0x3c Drivers/STM32F4xx_HAL_Driver/Src/stm32f4xx_hal.o
 .debug_macro   0x0001df1a      0x133 Drivers/STM32F4xx_HAL_Driver/Src/stm32f4xx_hal.o
 .debug_macro   0x0001e04d      0x21e Drivers/STM32F4xx_HAL_Driver/Src/stm32f4xx_hal.o
 .debug_macro   0x0001e26b       0x2e Drivers/STM32F4xx_HAL_Driver/Src/stm32f4xx_hal.o
 .debug_macro   0x0001e299      0x1a7 Drivers/STM32F4xx_HAL_Driver/Src/stm32f4xx_hal.o
 .debug_macro   0x0001e440       0xa5 Drivers/STM32F4xx_HAL_Driver/Src/stm32f4xx_hal.o
 .debug_macro   0x0001e4e5      0x11e Drivers/STM32F4xx_HAL_Driver/Src/stm32f4xx_hal.o
 .debug_macro   0x0001e603       0x7f Drivers/STM32F4xx_HAL_Driver/Src/stm32f4xx_hal.o
 .debug_macro   0x0001e682       0x89 Drivers/STM32F4xx_HAL_Driver/Src/stm32f4xx_hal.o
 .debug_macro   0x0001e70b      0x6e0 Drivers/STM32F4xx_HAL_Driver/Src/stm32f4xx_hal.o
 .debug_macro   0x0001edeb       0x5b Drivers/STM32F4xx_HAL_Driver/Src/stm32f4xx_hal.o
 .debug_macro   0x0001ee46      0x14d Drivers/STM32F4xx_HAL_Driver/Src/stm32f4xx_hal.o
 .debug_macro   0x0001ef93      0x287 Drivers/STM32F4xx_HAL_Driver/Src/stm32f4xx_hal.o
 .debug_macro   0x0001f21a      0x125 Drivers/STM32F4xx_HAL_Driver/Src/stm32f4xx_hal.o
 .debug_macro   0x0001f33f      0x341 Drivers/STM32F4xx_HAL_Driver/Src/stm32f4xx_hal_cortex.o
 .debug_macro   0x0001f680      0x342 Drivers/STM32F4xx_HAL_Driver/Src/stm32f4xx_hal_dac.o
 .debug_macro   0x0001f9c2      0x341 Drivers/STM32F4xx_HAL_Driver/Src/stm32f4xx_hal_dac_ex.o
 .debug_macro   0x0001fd03      0x379 Drivers/STM32F4xx_HAL_Driver/Src/stm32f4xx_hal_gpio.o
 .debug_macro   0x0002007c      0x381 Drivers/STM32F4xx_HAL_Driver/Src/stm32f4xx_hal_i2c.o
 .debug_macro   0x000203fd      0x36b Drivers/STM32F4xx_HAL_Driver/Src/stm32f4xx_hal_rcc.o
 .debug_macro   0x00020768      0x342 Drivers/STM32F4xx_HAL_Driver/Src/stm32f4xx_hal_tim.o
 .debug_macro   0x00020aaa      0x341 Drivers/STM32F4xx_HAL_Driver/Src/stm32f4xx_hal_tim_ex.o
 .debug_macro   0x00020deb      0x342 Drivers/STM32F4xx_HAL_Driver/Src/stm32f4xx_hal_uart.o
 .debug_macro   0x0002112d       0x73 Src/Losing_1_Notes_8bit.o
 .debug_macro   0x000211a0       0x73 Src/Losing_2_Notes_8bit.o
 .debug_macro   0x00021213       0x73 Src/Shoot_2_Notes_8bit.o
 .debug_macro   0x00021286       0x73 Src/Winner_Notes_8bit.o
 .debug_macro   0x000212f9      0x3a6 Src/main.o
 .debug_macro   0x0002169f       0x16 Src/main.o
 .debug_macro   0x000216b5       0x35 Src/main.o
 .debug_macro   0x000216ea      0x341 Src/stm32f4xx_hal_msp.o
 .debug_macro   0x00021a2b      0x34b Src/stm32f4xx_it.o
 .debug_macro   0x00021d76      0x347 Src/system_stm32f4xx.o

.debug_line     0x00000000     0xbfc0
 .debug_line    0x00000000      0x9c1 Drivers/STM32F4xx_HAL_Driver/Src/stm32f4xx_hal.o
 .debug_line    0x000009c1      0xa1e Drivers/STM32F4xx_HAL_Driver/Src/stm32f4xx_hal_cortex.o
 .debug_line    0x000013df      0xa7e Drivers/STM32F4xx_HAL_Driver/Src/stm32f4xx_hal_dac.o
 .debug_line    0x00001e5d      0x93d Drivers/STM32F4xx_HAL_Driver/Src/stm32f4xx_hal_dac_ex.o
 .debug_line    0x0000279a      0x998 Drivers/STM32F4xx_HAL_Driver/Src/stm32f4xx_hal_gpio.o
 .debug_line    0x00003132     0x185b Drivers/STM32F4xx_HAL_Driver/Src/stm32f4xx_hal_i2c.o
 .debug_line    0x0000498d      0xb3e Drivers/STM32F4xx_HAL_Driver/Src/stm32f4xx_hal_rcc.o
 .debug_line    0x000054cb     0x1809 Drivers/STM32F4xx_HAL_Driver/Src/stm32f4xx_hal_tim.o
 .debug_line    0x00006cd4      0xdb8 Drivers/STM32F4xx_HAL_Driver/Src/stm32f4xx_hal_tim_ex.o
 .debug_line    0x00007a8c     0x10bb Drivers/STM32F4xx_HAL_Driver/Src/stm32f4xx_hal_uart.o
 .debug_line    0x00008b47      0x2e5 Src/Losing_1_Notes_8bit.o
 .debug_line    0x00008e2c      0x2e5 Src/Losing_2_Notes_8bit.o
 .debug_line    0x00009111      0x2e3 Src/Shoot_2_Notes_8bit.o
 .debug_line    0x000093f4      0x2e1 Src/Winner_Notes_8bit.o
 .debug_line    0x000096d5      0xdbe Src/main.o
 .debug_line    0x0000a493      0x94f Src/stm32f4xx_hal_msp.o
 .debug_line    0x0000ade2      0x925 Src/stm32f4xx_it.o
 .debug_line    0x0000b707      0x83a Src/system_stm32f4xx.o
 .debug_line    0x0000bf41       0x7f startup/startup_stm32f407xx.o

.debug_str      0x00000000    0xc6895
 .debug_str     0x00000000    0xc2b23 Drivers/STM32F4xx_HAL_Driver/Src/stm32f4xx_hal.o
                              0xc2ec2 (size before relaxing)
 .debug_str     0x000c2b23      0x3b8 Drivers/STM32F4xx_HAL_Driver/Src/stm32f4xx_hal_cortex.o
                              0xc2c8a (size before relaxing)
 .debug_str     0x000c2edb      0x58d Drivers/STM32F4xx_HAL_Driver/Src/stm32f4xx_hal_dac.o
                              0xc282b (size before relaxing)
 .debug_str     0x000c3468      0x143 Drivers/STM32F4xx_HAL_Driver/Src/stm32f4xx_hal_dac_ex.o
                              0xc271b (size before relaxing)
 .debug_str     0x000c35ab      0x285 Drivers/STM32F4xx_HAL_Driver/Src/stm32f4xx_hal_gpio.o
                              0xc2618 (size before relaxing)
 .debug_str     0x000c3830      0xcea Drivers/STM32F4xx_HAL_Driver/Src/stm32f4xx_hal_i2c.o
                              0xc322e (size before relaxing)
 .debug_str     0x000c451a      0x387 Drivers/STM32F4xx_HAL_Driver/Src/stm32f4xx_hal_rcc.o
                              0xc2815 (size before relaxing)
 .debug_str     0x000c48a1      0xe7a Drivers/STM32F4xx_HAL_Driver/Src/stm32f4xx_hal_tim.o
                              0xc340e (size before relaxing)
 .debug_str     0x000c571b      0x4f4 Drivers/STM32F4xx_HAL_Driver/Src/stm32f4xx_hal_tim_ex.o
                              0xc2cce (size before relaxing)
 .debug_str     0x000c5c0f      0x6b9 Drivers/STM32F4xx_HAL_Driver/Src/stm32f4xx_hal_uart.o
                              0xc2c5d (size before relaxing)
 .debug_str     0x000c62c8       0x48 Src/Losing_1_Notes_8bit.o
                               0x3459 (size before relaxing)
 .debug_str     0x000c6310       0x4e Src/Losing_2_Notes_8bit.o
                               0x345a (size before relaxing)
 .debug_str     0x000c635e       0x4b Src/Shoot_2_Notes_8bit.o
                               0x3457 (size before relaxing)
 .debug_str     0x000c63a9       0x4b Src/Winner_Notes_8bit.o
                               0x3457 (size before relaxing)
 .debug_str     0x000c63f4      0x2df Src/main.o
                              0xc3ad4 (size before relaxing)
 .debug_str     0x000c66d3       0x2e Src/stm32f4xx_hal_msp.o
                              0xc3343 (size before relaxing)
 .debug_str     0x000c6701      0x13a Src/stm32f4xx_it.o
                              0xc293e (size before relaxing)
 .debug_str     0x000c683b       0x5a Src/system_stm32f4xx.o
                              0xc2400 (size before relaxing)

.comment        0x00000000       0x6e
 .comment       0x00000000       0x6e Drivers/STM32F4xx_HAL_Driver/Src/stm32f4xx_hal.o
                                 0x6f (size before relaxing)
 .comment       0x0000006e       0x6f Drivers/STM32F4xx_HAL_Driver/Src/stm32f4xx_hal_cortex.o
 .comment       0x0000006e       0x6f Drivers/STM32F4xx_HAL_Driver/Src/stm32f4xx_hal_dac.o
 .comment       0x0000006e       0x6f Drivers/STM32F4xx_HAL_Driver/Src/stm32f4xx_hal_dac_ex.o
 .comment       0x0000006e       0x6f Drivers/STM32F4xx_HAL_Driver/Src/stm32f4xx_hal_gpio.o
 .comment       0x0000006e       0x6f Drivers/STM32F4xx_HAL_Driver/Src/stm32f4xx_hal_i2c.o
 .comment       0x0000006e       0x6f Drivers/STM32F4xx_HAL_Driver/Src/stm32f4xx_hal_rcc.o
 .comment       0x0000006e       0x6f Drivers/STM32F4xx_HAL_Driver/Src/stm32f4xx_hal_tim.o
 .comment       0x0000006e       0x6f Drivers/STM32F4xx_HAL_Driver/Src/stm32f4xx_hal_tim_ex.o
 .comment       0x0000006e       0x6f Drivers/STM32F4xx_HAL_Driver/Src/stm32f4xx_hal_uart.o
 .comment       0x0000006e       0x6f Src/Losing_1_Notes_8bit.o
 .comment       0x0000006e       0x6f Src/Losing_2_Notes_8bit.o
 .comment       0x0000006e       0x6f Src/Shoot_2_Notes_8bit.o
 .comment       0x0000006e       0x6f Src/Winner_Notes_8bit.o
 .comment       0x0000006e       0x6f Src/main.o
 .comment       0x0000006e       0x6f Src/stm32f4xx_hal_msp.o
 .comment       0x0000006e       0x6f Src/stm32f4xx_it.o
 .comment       0x0000006e       0x6f Src/system_stm32f4xx.o

.debug_frame    0x00000000     0x2918
 .debug_frame   0x00000000      0x198 Drivers/STM32F4xx_HAL_Driver/Src/stm32f4xx_hal.o
 .debug_frame   0x00000198      0x154 Drivers/STM32F4xx_HAL_Driver/Src/stm32f4xx_hal_cortex.o
 .debug_frame   0x000002ec      0x204 Drivers/STM32F4xx_HAL_Driver/Src/stm32f4xx_hal_dac.o
 .debug_frame   0x000004f0      0x118 Drivers/STM32F4xx_HAL_Driver/Src/stm32f4xx_hal_dac_ex.o
 .debug_frame   0x00000608       0xc4 Drivers/STM32F4xx_HAL_Driver/Src/stm32f4xx_hal_gpio.o
 .debug_frame   0x000006cc      0x808 Drivers/STM32F4xx_HAL_Driver/Src/stm32f4xx_hal_i2c.o
 .debug_frame   0x00000ed4      0x150 Drivers/STM32F4xx_HAL_Driver/Src/stm32f4xx_hal_rcc.o
 .debug_frame   0x00001024      0x9cc Drivers/STM32F4xx_HAL_Driver/Src/stm32f4xx_hal_tim.o
 .debug_frame   0x000019f0      0x3b0 Drivers/STM32F4xx_HAL_Driver/Src/stm32f4xx_hal_tim_ex.o
 .debug_frame   0x00001da0      0x4e8 Drivers/STM32F4xx_HAL_Driver/Src/stm32f4xx_hal_uart.o
 .debug_frame   0x00002288      0x350 Src/main.o
 .debug_frame   0x000025d8      0x154 Src/stm32f4xx_hal_msp.o
 .debug_frame   0x0000272c      0x150 Src/stm32f4xx_it.o
 .debug_frame   0x0000287c       0x30 Src/system_stm32f4xx.o
 .debug_frame   0x000028ac       0x2c c:/users/vaibhav/.p2/pool/plugins/fr.ac6.mcu.externaltools.arm-none.win32_1.13.2.201703061525/tools/compiler/bin/../lib/gcc/arm-none-eabi/5.4.1/../../../../arm-none-eabi/lib/armv7e-m/fpu\libc_nano.a(lib_a-init.o)
 .debug_frame   0x000028d8       0x20 c:/users/vaibhav/.p2/pool/plugins/fr.ac6.mcu.externaltools.arm-none.win32_1.13.2.201703061525/tools/compiler/bin/../lib/gcc/arm-none-eabi/5.4.1/../../../../arm-none-eabi/lib/armv7e-m/fpu\libc_nano.a(lib_a-strcmp.o)
 .debug_frame   0x000028f8       0x20 c:/users/vaibhav/.p2/pool/plugins/fr.ac6.mcu.externaltools.arm-none.win32_1.13.2.201703061525/tools/compiler/bin/../lib/gcc/arm-none-eabi/5.4.1/../../../../arm-none-eabi/lib/armv7e-m/fpu\libc_nano.a(lib_a-strcpy.o)
